3.4823 	ERROR 	Plugin `psychopy-cedrus` entry point requires module `psychopy_cedrus`, but it cannot be imported.
14.6103 	INFO 	Loaded monitor calibration from ['2026_08_31 09:43']
15.7399 	WARNING 	User requested fullscreen with size [1024  768], but screen is actually [1470, 956]. Using actual size
15.9221 	INFO 	Using renderer 'Apple M3' for graphics
15.9221 	INFO 	OpenGL version supported by driver is 2..
15.9954 	EXP 	Created window1 = Window(allowGUI=False, allowStencil=False, autoLog=True, backendConf=UNKNOWN, backgroundFit=<method-wrapper '__getattribute__' of attributeSetter object at 0x17a80b8d0>, backgroundImage=<method-wrapper '__getattribute__' of attributeSetter object at 0x17a7fbc50>, bitsMode=UNKNOWN, blendMode='avg', bpc=(8, 8, 8), color=array([0, 0, 0]), colorSpace='rgb', depthBits=8, fullscr=True, gamma=None, gammaErrorPolicy='raise', infoMsg=UNKNOWN, lms=UNKNOWN, monitor=<psychopy.monitors.calibTools.Monitor object at 0x17bd4da10>, multiSample=False, name='window1', numSamples=2, pos=[np.float64(0.0), np.float64(0.0)], screen=0, size=array([2940, 1912]), stencilBits=0, stereo=False, title='PsychoPy', units='height', useFBO=True, useRetina=True, viewOri=0.0, viewPos=None, viewScale=None, waitBlanking=True, winType='pyglet')
15.9955 	EXP 	window1: backgroundImage = ''
15.9955 	EXP 	window1: backgroundFit = 'none'
16.2695 	EXP 	window1: Attempting to measure frame rate of screen (0) ...
16.2695 	EXP 	window1: recordFrameIntervals = False
16.5207 	EXP 	window1: recordFrameIntervals = True
18.1867 	EXP 	window1: recordFrameIntervals = False
18.1867 	EXP 	Screen (0) actual frame rate measured at 60.02Hz
19.5674 	INFO 	keyboard.Keyboard is using ptb backend.
19.5674 	EXP 	strooptask2: status = STARTED
19.6452 	EXP 	Created text = TextStim(__class__=<class 'psychopy.visual.text.TextStim'>, alignHoriz=method-wrapper(...), alignText='center', alignVert=method-wrapper(...), anchorHoriz='center', anchorVert='center', antialias=True, autoDraw=False, autoLog=True, bold=False, color=array([1., 1., 1.]), colorSpace='rgb', contrast=1.0, depth=0.0, draggable=False, flipHoriz=False, flipVert=False, font='Arial', fontFiles=[], height=np.float64(0.05), italic=False, languageStyle='LTR', name='text', opacity=1, ori=0.0, pos=array([0., 0.]), rgb=UNKNOWN, text='welcome', units='height', win=Window(...), wrapWidth=1)
19.6603 	EXP 	Created fixation = ShapeStim(__class__=<class 'psychopy.visual.shape.ShapeStim'>, anchor=('center', 'center'), autoDraw=False, autoLog=True, closeShape=True, color=method-wrapper(...), colorSpace='rgb', contrast=None, depth=0.0, draggable=False, fillColor=array([1, 1, 1]), fillColorSpace='rgb', fillRGB=array([1, 1, 1]), interpolate=True, lineColor=array([1., 1., 1.]), lineColorSpace='rgb', lineRGB=array([1, 1, 1]), lineWidth=1.0, name='fixation', opacity=1, ori=0.0, pos=array([0., 0.]), size=array([10., 10.]), units='pix', vertices=ndarray(...), win=Window(...), windingRule=None)
19.6607 	EXP 	Created text_3 = TextStim(__class__=<class 'psychopy.visual.text.TextStim'>, alignHoriz=method-wrapper(...), alignText='center', alignVert=method-wrapper(...), anchorHoriz='center', anchorVert='center', antialias=True, autoDraw=False, autoLog=True, bold=False, color=array([1., 1., 1.]), colorSpace='rgb', contrast=1.0, depth=-1.0, draggable=False, flipHoriz=False, flipVert=False, font='Arial', fontFiles=[], height=0.05, italic=False, languageStyle='LTR', name='text_3', opacity=1, ori=0.0, pos=array([0., 0.]), rgb=UNKNOWN, text='', units='height', win=Window(...), wrapWidth=1)
19.6638 	EXP 	Created text_2 = TextStim(__class__=<class 'psychopy.visual.text.TextStim'>, alignHoriz=method-wrapper(...), alignText='center', alignVert=method-wrapper(...), anchorHoriz='center', anchorVert='center', antialias=True, autoDraw=False, autoLog=True, bold=False, color=array([1., 1., 1.]), colorSpace='rgb', contrast=1.0, depth=0.0, draggable=False, flipHoriz=False, flipVert=False, font='Arial', fontFiles=[], height=np.float64(0.05), italic=False, languageStyle='LTR', name='text_2', opacity=1, ori=0.0, pos=array([0., 0.]), rgb=UNKNOWN, text='thank you', units='height', win=Window(...), wrapWidth=1)
0.0396 	EXP 	text: autoDraw = True
1.0286 	EXP 	Imported /Users/anokhimavalankar/Documents/stroop task/cond.xlsx as conditions, 4 conditions, 4 params
1.0546 	EXP 	New trial (rep=0, index=0): <Trial 0 (0 in rep 0) data={'word': 'BLUE', 'colour': 'blue', 'stimuluscondition': 'C', 'correct_res': 'b ', 'thisN': 0, 'thisTrialN': 0, 'thisRepN': 0}>
1.0728 	EXP 	text: autoDraw = False
1.0728 	EXP 	text_3: foreColor = <psychopy.colors.Color: blue, alpha=1.0>
1.0728 	EXP 	text_3: height = np.float64(0.05)
1.0728 	EXP 	text_3: height = np.float64(0.05)
1.0728 	EXP 	text_3: height = np.float64(0.05)
1.0728 	EXP 	text_3: text = 'BLUE'
1.0728 	EXP 	fixation: autoDraw = True
1.5062 	INFO 	Keyboard events cleared
1.5062 	EXP 	fixation: autoDraw = False
1.5062 	EXP 	text_3: autoDraw = True
3.5204 	DATA 	Keypress: b
3.5476 	EXP 	Device response: <KeyPress from None: t=3.514710291667143, value=b, duration=None>
3.5477 	EXP 	New trial (rep=0, index=1): <Trial 1 (1 in rep 0) data={'word': 'RED', 'colour': 'blue', 'stimuluscondition': 'I', 'correct_res': 'b', 'thisN': 1, 'thisTrialN': 1, 'thisRepN': 0}>
3.5563 	EXP 	fixation: autoDraw = False
3.5563 	EXP 	text_3: autoDraw = False
3.5563 	EXP 	text_3: foreColor = <psychopy.colors.Color: blue, alpha=1.0>
3.5563 	EXP 	text_3: height = np.float64(0.05)
3.5563 	EXP 	text_3: height = np.float64(0.05)
3.5563 	EXP 	text_3: height = np.float64(0.05)
3.5563 	EXP 	text_3: text = 'RED'
3.5563 	EXP 	fixation: autoDraw = True
3.6399 	EXP 	Device response: <KeyPress from None: t=3.514710291667143, value=b, duration=0.12029637500017998>
4.0562 	INFO 	Keyboard events cleared
4.0562 	EXP 	fixation: autoDraw = False
4.0562 	EXP 	text_3: autoDraw = True
6.6702 	DATA 	Keypress: b
6.6735 	EXP 	Device response: <KeyPress from None: t=6.66176649999943, value=b, duration=None>
6.6736 	EXP 	New trial (rep=0, index=2): <Trial 2 (2 in rep 0) data={'word': 'BLUE', 'colour': 'red', 'stimuluscondition': 'I', 'correct_res': 'r', 'thisN': 2, 'thisTrialN': 2, 'thisRepN': 0}>
6.6896 	EXP 	fixation: autoDraw = False
6.6896 	EXP 	text_3: autoDraw = False
6.6896 	EXP 	text_3: foreColor = <psychopy.colors.Color: red, alpha=1.0>
6.6896 	EXP 	text_3: height = np.float64(0.05)
6.6896 	EXP 	text_3: height = np.float64(0.05)
6.6896 	EXP 	text_3: height = np.float64(0.05)
6.6896 	EXP 	text_3: text = 'BLUE'
6.6896 	EXP 	fixation: autoDraw = True
6.8734 	EXP 	Device response: <KeyPress from None: t=6.66176649999943, value=b, duration=0.2001892083335406>
7.1730 	INFO 	Keyboard events cleared
7.1729 	EXP 	fixation: autoDraw = False
7.1729 	EXP 	text_3: autoDraw = True
8.3674 	DATA 	Keypress: r
8.3732 	EXP 	Device response: <KeyPress from None: t=8.363574833332677, value=r, duration=None>
8.3732 	EXP 	New trial (rep=0, index=3): <Trial 3 (3 in rep 0) data={'word': 'RED', 'colour': 'red', 'stimuluscondition': 'C', 'correct_res': 'r', 'thisN': 3, 'thisTrialN': 3, 'thisRepN': 0}>
8.3895 	EXP 	fixation: autoDraw = False
8.3895 	EXP 	text_3: autoDraw = False
8.3895 	EXP 	text_3: foreColor = <psychopy.colors.Color: red, alpha=1.0>
8.3895 	EXP 	text_3: height = np.float64(0.05)
8.3895 	EXP 	text_3: height = np.float64(0.05)
8.3895 	EXP 	text_3: height = np.float64(0.05)
8.3895 	EXP 	text_3: text = 'RED'
8.3895 	EXP 	fixation: autoDraw = True
8.5731 	EXP 	Device response: <KeyPress from None: t=8.363574833332677, value=r, duration=0.2003054583328776>
8.8728 	INFO 	Keyboard events cleared
8.8728 	EXP 	fixation: autoDraw = False
8.8728 	EXP 	text_3: autoDraw = True
10.0701 	DATA 	Keypress: r
10.0731 	EXP 	Device response: <KeyPress from None: t=10.066556416666572, value=r, duration=None>
10.0732 	EXP 	New trial (rep=1, index=0): <Trial 4 (0 in rep 1) data={'word': 'BLUE', 'colour': 'red', 'stimuluscondition': 'I', 'correct_res': 'r', 'thisN': 4, 'thisTrialN': 0, 'thisRepN': 1}>
10.0896 	EXP 	fixation: autoDraw = False
10.0896 	EXP 	text_3: autoDraw = False
10.0896 	EXP 	text_3: foreColor = <psychopy.colors.Color: red, alpha=1.0>
10.0896 	EXP 	text_3: height = np.float64(0.05)
10.0896 	EXP 	text_3: height = np.float64(0.05)
10.0896 	EXP 	text_3: height = np.float64(0.05)
10.0896 	EXP 	text_3: text = 'BLUE'
10.0896 	EXP 	fixation: autoDraw = True
10.2231 	EXP 	Device response: <KeyPress from None: t=10.066556416666572, value=r, duration=0.14828345833302592>
10.5730 	INFO 	Keyboard events cleared
10.5730 	EXP 	fixation: autoDraw = False
10.5730 	EXP 	text_3: autoDraw = True
12.6898 	EXP 	Device response: <KeyPress from None: t=12.68548116666716, value=r, duration=None>
12.6899 	EXP 	New trial (rep=1, index=1): <Trial 5 (1 in rep 1) data={'word': 'BLUE', 'colour': 'blue', 'stimuluscondition': 'C', 'correct_res': 'b ', 'thisN': 5, 'thisTrialN': 1, 'thisRepN': 1}>
12.6925 	DATA 	Keypress: r
12.7061 	EXP 	fixation: autoDraw = False
12.7061 	EXP 	text_3: autoDraw = False
12.7061 	EXP 	text_3: foreColor = <psychopy.colors.Color: blue, alpha=1.0>
12.7061 	EXP 	text_3: text = 'BLUE'
12.7061 	EXP 	fixation: autoDraw = True
12.8064 	EXP 	Device response: <KeyPress from None: t=12.68548116666716, value=r, duration=0.10430229166559002>
13.1896 	INFO 	Keyboard events cleared
13.1896 	EXP 	fixation: autoDraw = False
13.1896 	EXP 	text_3: autoDraw = True
14.0530 	DATA 	Keypress: b
14.0564 	EXP 	Device response: <KeyPress from None: t=14.049423333333834, value=b, duration=None>
14.0565 	EXP 	New trial (rep=1, index=2): <Trial 6 (2 in rep 1) data={'word': 'RED', 'colour': 'red', 'stimuluscondition': 'C', 'correct_res': 'r', 'thisN': 6, 'thisTrialN': 2, 'thisRepN': 1}>
14.0728 	EXP 	fixation: autoDraw = False
14.0728 	EXP 	text_3: autoDraw = False
14.0728 	EXP 	text_3: foreColor = <psychopy.colors.Color: red, alpha=1.0>
14.0728 	EXP 	text_3: height = np.float64(0.05)
14.0728 	EXP 	text_3: height = np.float64(0.05)
14.0728 	EXP 	text_3: height = np.float64(0.05)
14.0728 	EXP 	text_3: text = 'RED'
14.0728 	EXP 	fixation: autoDraw = True
14.1730 	EXP 	Device response: <KeyPress from None: t=14.049423333333834, value=b, duration=0.1083248333325173>
14.5563 	INFO 	Keyboard events cleared
14.5562 	EXP 	fixation: autoDraw = False
14.5562 	EXP 	text_3: autoDraw = True
15.8981 	DATA 	Keypress: r
15.9064 	EXP 	Device response: <KeyPress from None: t=15.894402624999202, value=r, duration=None>
15.9064 	EXP 	New trial (rep=1, index=3): <Trial 7 (3 in rep 1) data={'word': 'RED', 'colour': 'blue', 'stimuluscondition': 'I', 'correct_res': 'b', 'thisN': 7, 'thisTrialN': 3, 'thisRepN': 1}>
15.9228 	EXP 	fixation: autoDraw = False
15.9228 	EXP 	text_3: autoDraw = False
15.9228 	EXP 	text_3: foreColor = <psychopy.colors.Color: blue, alpha=1.0>
15.9228 	EXP 	text_3: text = 'RED'
15.9228 	EXP 	fixation: autoDraw = True
16.0397 	EXP 	Device response: <KeyPress from None: t=15.894402624999202, value=r, duration=0.1362888750009006>
16.4062 	INFO 	Keyboard events cleared
16.4062 	EXP 	fixation: autoDraw = False
16.4062 	EXP 	text_3: autoDraw = True
18.1729 	EXP 	Device response: <KeyPress from None: t=18.169380083332726, value=b, duration=None>
18.1729 	EXP 	New trial (rep=2, index=0): <Trial 8 (0 in rep 2) data={'word': 'BLUE', 'colour': 'red', 'stimuluscondition': 'I', 'correct_res': 'r', 'thisN': 8, 'thisTrialN': 0, 'thisRepN': 2}>
18.1766 	DATA 	Keypress: b
18.1897 	EXP 	fixation: autoDraw = False
18.1897 	EXP 	text_3: autoDraw = False
18.1897 	EXP 	text_3: foreColor = <psychopy.colors.Color: red, alpha=1.0>
18.1897 	EXP 	text_3: height = np.float64(0.05)
18.1897 	EXP 	text_3: height = np.float64(0.05)
18.1897 	EXP 	text_3: height = np.float64(0.05)
18.1897 	EXP 	text_3: text = 'BLUE'
18.1897 	EXP 	fixation: autoDraw = True
18.3232 	EXP 	Device response: <KeyPress from None: t=18.169380083332726, value=b, duration=0.14827574999981152>
18.6729 	INFO 	Keyboard events cleared
18.6729 	EXP 	fixation: autoDraw = False
18.6729 	EXP 	text_3: autoDraw = True
19.8522 	DATA 	Keypress: r
19.8566 	EXP 	Device response: <KeyPress from None: t=19.849279583333555, value=r, duration=None>
19.8566 	EXP 	New trial (rep=2, index=1): <Trial 9 (1 in rep 2) data={'word': 'RED', 'colour': 'blue', 'stimuluscondition': 'I', 'correct_res': 'b', 'thisN': 9, 'thisTrialN': 1, 'thisRepN': 2}>
19.8730 	EXP 	fixation: autoDraw = False
19.8730 	EXP 	text_3: autoDraw = False
19.8730 	EXP 	text_3: foreColor = <psychopy.colors.Color: blue, alpha=1.0>
19.8730 	EXP 	text_3: height = np.float64(0.05)
19.8730 	EXP 	text_3: height = np.float64(0.05)
19.8730 	EXP 	text_3: height = np.float64(0.05)
19.8730 	EXP 	text_3: text = 'RED'
19.8730 	EXP 	fixation: autoDraw = True
20.0232 	EXP 	Device response: <KeyPress from None: t=19.849279583333555, value=r, duration=0.17233845833288797>
20.3556 	INFO 	Keyboard events cleared
20.3556 	EXP 	fixation: autoDraw = False
20.3556 	EXP 	text_3: autoDraw = True
21.4397 	EXP 	Device response: <KeyPress from None: t=21.439304458333936, value=b, duration=None>
21.4398 	EXP 	New trial (rep=2, index=2): <Trial 10 (2 in rep 2) data={'word': 'BLUE', 'colour': 'blue', 'stimuluscondition': 'C', 'correct_res': 'b ', 'thisN': 10, 'thisTrialN': 2, 'thisRepN': 2}>
21.4428 	DATA 	Keypress: b
21.4561 	EXP 	fixation: autoDraw = False
21.4561 	EXP 	text_3: autoDraw = False
21.4561 	EXP 	text_3: foreColor = <psychopy.colors.Color: blue, alpha=1.0>
21.4561 	EXP 	text_3: height = np.float64(0.05)
21.4561 	EXP 	text_3: height = np.float64(0.05)
21.4561 	EXP 	text_3: height = np.float64(0.05)
21.4561 	EXP 	text_3: text = 'BLUE'
21.4561 	EXP 	fixation: autoDraw = True
21.5897 	EXP 	Device response: <KeyPress from None: t=21.439304458333936, value=b, duration=0.1402706249991752>
21.9395 	INFO 	Keyboard events cleared
21.9395 	EXP 	fixation: autoDraw = False
21.9395 	EXP 	text_3: autoDraw = True
22.9104 	DATA 	Keypress: b
22.9231 	EXP 	Device response: <KeyPress from None: t=22.90823887499937, value=b, duration=None>
22.9232 	EXP 	New trial (rep=2, index=3): <Trial 11 (3 in rep 2) data={'word': 'RED', 'colour': 'red', 'stimuluscondition': 'C', 'correct_res': 'r', 'thisN': 11, 'thisTrialN': 3, 'thisRepN': 2}>
22.9395 	EXP 	fixation: autoDraw = False
22.9395 	EXP 	text_3: autoDraw = False
22.9395 	EXP 	text_3: foreColor = <psychopy.colors.Color: red, alpha=1.0>
22.9395 	EXP 	text_3: height = np.float64(0.05)
22.9395 	EXP 	text_3: height = np.float64(0.05)
22.9395 	EXP 	text_3: height = np.float64(0.05)
22.9395 	EXP 	text_3: text = 'RED'
22.9395 	EXP 	fixation: autoDraw = True
23.0730 	EXP 	Device response: <KeyPress from None: t=22.90823887499937, value=b, duration=0.1563212500004738>
23.4230 	INFO 	Keyboard events cleared
23.4230 	EXP 	fixation: autoDraw = False
23.4230 	EXP 	text_3: autoDraw = True
24.3208 	DATA 	Keypress: r
24.3240 	EXP 	Device response: <KeyPress from None: t=24.31727145833247, value=r, duration=None>
24.3241 	EXP 	New trial (rep=3, index=0): <Trial 12 (0 in rep 3) data={'word': 'BLUE', 'colour': 'blue', 'stimuluscondition': 'C', 'correct_res': 'b ', 'thisN': 12, 'thisTrialN': 0, 'thisRepN': 3}>
24.3394 	EXP 	fixation: autoDraw = False
24.3394 	EXP 	text_3: autoDraw = False
24.3394 	EXP 	text_3: foreColor = <psychopy.colors.Color: blue, alpha=1.0>
24.3394 	EXP 	text_3: height = np.float64(0.05)
24.3394 	EXP 	text_3: height = np.float64(0.05)
24.3394 	EXP 	text_3: height = np.float64(0.05)
24.3394 	EXP 	text_3: text = 'BLUE'
24.3394 	EXP 	fixation: autoDraw = True
24.4230 	EXP 	Device response: <KeyPress from None: t=24.31727145833247, value=r, duration=0.10026441666741448>
24.8395 	INFO 	Keyboard events cleared
24.8395 	EXP 	fixation: autoDraw = False
24.8395 	EXP 	text_3: autoDraw = True
26.7733 	EXP 	Device response: <KeyPress from None: t=26.77117295833341, value=b, duration=None>
26.7734 	EXP 	New trial (rep=3, index=1): <Trial 13 (1 in rep 3) data={'word': 'BLUE', 'colour': 'red', 'stimuluscondition': 'I', 'correct_res': 'r', 'thisN': 13, 'thisTrialN': 1, 'thisRepN': 3}>
26.7761 	DATA 	Keypress: b
26.7895 	EXP 	fixation: autoDraw = False
26.7895 	EXP 	text_3: autoDraw = False
26.7895 	EXP 	text_3: foreColor = <psychopy.colors.Color: red, alpha=1.0>
26.7895 	EXP 	text_3: text = 'BLUE'
26.7895 	EXP 	fixation: autoDraw = True
26.9898 	EXP 	Device response: <KeyPress from None: t=26.77117295833341, value=b, duration=0.20828612500008603>
27.2730 	INFO 	Keyboard events cleared
27.2730 	EXP 	fixation: autoDraw = False
27.2730 	EXP 	text_3: autoDraw = True
28.5472 	DATA 	Keypress: r
28.5564 	EXP 	Device response: <KeyPress from None: t=28.544110166665632, value=r, duration=None>
28.5565 	EXP 	New trial (rep=3, index=2): <Trial 14 (2 in rep 3) data={'word': 'RED', 'colour': 'red', 'stimuluscondition': 'C', 'correct_res': 'r', 'thisN': 14, 'thisTrialN': 2, 'thisRepN': 3}>
28.5728 	EXP 	fixation: autoDraw = False
28.5728 	EXP 	text_3: autoDraw = False
28.5728 	EXP 	text_3: foreColor = <psychopy.colors.Color: red, alpha=1.0>
28.5728 	EXP 	text_3: height = np.float64(0.05)
28.5728 	EXP 	text_3: height = np.float64(0.05)
28.5728 	EXP 	text_3: height = np.float64(0.05)
28.5728 	EXP 	text_3: text = 'RED'
28.5728 	EXP 	fixation: autoDraw = True
28.7396 	EXP 	Device response: <KeyPress from None: t=28.544110166665632, value=r, duration=0.18831649999992806>
29.0562 	INFO 	Keyboard events cleared
29.0562 	EXP 	fixation: autoDraw = False
29.0562 	EXP 	text_3: autoDraw = True
29.7009 	DATA 	Keypress: r
29.7065 	EXP 	Device response: <KeyPress from None: t=29.698084083333015, value=r, duration=None>
29.7066 	EXP 	New trial (rep=3, index=3): <Trial 15 (3 in rep 3) data={'word': 'RED', 'colour': 'blue', 'stimuluscondition': 'I', 'correct_res': 'b', 'thisN': 15, 'thisTrialN': 3, 'thisRepN': 3}>
29.7229 	EXP 	fixation: autoDraw = False
29.7229 	EXP 	text_3: autoDraw = False
29.7229 	EXP 	text_3: foreColor = <psychopy.colors.Color: blue, alpha=1.0>
29.7229 	EXP 	text_3: text = 'RED'
29.7229 	EXP 	fixation: autoDraw = True
29.9064 	EXP 	Device response: <KeyPress from None: t=29.698084083333015, value=r, duration=0.20031175000076473>
30.2062 	INFO 	Keyboard events cleared
30.2062 	EXP 	fixation: autoDraw = False
30.2062 	EXP 	text_3: autoDraw = True
31.3964 	DATA 	Keypress: b
31.4063 	EXP 	Device response: <KeyPress from None: t=31.393041875000563, value=b, duration=None>
31.4064 	EXP 	New trial (rep=4, index=0): <Trial 16 (0 in rep 4) data={'word': 'BLUE', 'colour': 'blue', 'stimuluscondition': 'C', 'correct_res': 'b ', 'thisN': 16, 'thisTrialN': 0, 'thisRepN': 4}>
31.4228 	EXP 	fixation: autoDraw = False
31.4228 	EXP 	text_3: autoDraw = False
31.4228 	EXP 	text_3: foreColor = <psychopy.colors.Color: blue, alpha=1.0>
31.4228 	EXP 	text_3: height = np.float64(0.05)
31.4228 	EXP 	text_3: height = np.float64(0.05)
31.4228 	EXP 	text_3: height = np.float64(0.05)
31.4228 	EXP 	text_3: text = 'BLUE'
31.4228 	EXP 	fixation: autoDraw = True
31.6396 	EXP 	Device response: <KeyPress from None: t=31.393041875000563, value=b, duration=0.23629341666674009>
31.9061 	INFO 	Keyboard events cleared
31.9061 	EXP 	fixation: autoDraw = False
31.9061 	EXP 	text_3: autoDraw = True
32.5563 	EXP 	Device response: <KeyPress from None: t=32.553028916667245, value=b, duration=None>
32.5563 	EXP 	New trial (rep=4, index=1): <Trial 17 (1 in rep 4) data={'word': 'RED', 'colour': 'blue', 'stimuluscondition': 'I', 'correct_res': 'b', 'thisN': 17, 'thisTrialN': 1, 'thisRepN': 4}>
32.5585 	DATA 	Keypress: b
32.5728 	EXP 	fixation: autoDraw = False
32.5728 	EXP 	text_3: autoDraw = False
32.5728 	EXP 	text_3: foreColor = <psychopy.colors.Color: blue, alpha=1.0>
32.5728 	EXP 	text_3: height = np.float64(0.05)
32.5728 	EXP 	text_3: height = np.float64(0.05)
32.5728 	EXP 	text_3: height = np.float64(0.05)
32.5728 	EXP 	text_3: text = 'RED'
32.5728 	EXP 	fixation: autoDraw = True
32.7731 	EXP 	Device response: <KeyPress from None: t=32.553028916667245, value=b, duration=0.20426674999907846>
33.0563 	INFO 	Keyboard events cleared
33.0562 	EXP 	fixation: autoDraw = False
33.0562 	EXP 	text_3: autoDraw = True
34.5789 	DATA 	Keypress: b
34.5897 	EXP 	Device response: <KeyPress from None: t=34.5749654166666, value=b, duration=None>
34.5897 	EXP 	New trial (rep=4, index=2): <Trial 18 (2 in rep 4) data={'word': 'RED', 'colour': 'red', 'stimuluscondition': 'C', 'correct_res': 'r', 'thisN': 18, 'thisTrialN': 2, 'thisRepN': 4}>
34.6061 	EXP 	fixation: autoDraw = False
34.6061 	EXP 	text_3: autoDraw = False
34.6061 	EXP 	text_3: foreColor = <psychopy.colors.Color: red, alpha=1.0>
34.6061 	EXP 	text_3: text = 'RED'
34.6061 	EXP 	fixation: autoDraw = True
34.7897 	EXP 	Device response: <KeyPress from None: t=34.5749654166666, value=b, duration=0.2003129999993689>
35.0894 	INFO 	Keyboard events cleared
35.0894 	EXP 	fixation: autoDraw = False
35.0894 	EXP 	text_3: autoDraw = True
35.9804 	DATA 	Keypress: r
35.9898 	EXP 	Device response: <KeyPress from None: t=35.97696095833271, value=r, duration=None>
35.9898 	EXP 	New trial (rep=4, index=3): <Trial 19 (3 in rep 4) data={'word': 'BLUE', 'colour': 'red', 'stimuluscondition': 'I', 'correct_res': 'r', 'thisN': 19, 'thisTrialN': 3, 'thisRepN': 4}>
36.0062 	EXP 	fixation: autoDraw = False
36.0062 	EXP 	text_3: autoDraw = False
36.0062 	EXP 	text_3: foreColor = <psychopy.colors.Color: red, alpha=1.0>
36.0062 	EXP 	text_3: height = np.float64(0.05)
36.0062 	EXP 	text_3: height = np.float64(0.05)
36.0062 	EXP 	text_3: height = np.float64(0.05)
36.0062 	EXP 	text_3: text = 'BLUE'
36.0062 	EXP 	fixation: autoDraw = True
36.1065 	EXP 	Device response: <KeyPress from None: t=35.97696095833271, value=r, duration=0.12833450000107405>
36.4895 	INFO 	Keyboard events cleared
36.4895 	EXP 	fixation: autoDraw = False
36.4895 	EXP 	text_3: autoDraw = True
37.7833 	DATA 	Keypress: r
37.7897 	EXP 	Device response: <KeyPress from None: t=37.77990837499965, value=r, duration=None>
37.7898 	EXP 	New trial (rep=5, index=0): <Trial 20 (0 in rep 5) data={'word': 'RED', 'colour': 'blue', 'stimuluscondition': 'I', 'correct_res': 'b', 'thisN': 20, 'thisTrialN': 0, 'thisRepN': 5}>
37.8061 	EXP 	fixation: autoDraw = False
37.8061 	EXP 	text_3: autoDraw = False
37.8061 	EXP 	text_3: foreColor = <psychopy.colors.Color: blue, alpha=1.0>
37.8061 	EXP 	text_3: height = np.float64(0.05)
37.8061 	EXP 	text_3: height = np.float64(0.05)
37.8061 	EXP 	text_3: height = np.float64(0.05)
37.8061 	EXP 	text_3: text = 'RED'
37.8061 	EXP 	fixation: autoDraw = True
37.9397 	EXP 	Device response: <KeyPress from None: t=37.77990837499965, value=r, duration=0.15230620833426656>
38.2895 	INFO 	Keyboard events cleared
38.2895 	EXP 	fixation: autoDraw = False
38.2895 	EXP 	text_3: autoDraw = True
39.1314 	DATA 	Keypress: b
39.1397 	EXP 	Device response: <KeyPress from None: t=39.12887670833334, value=b, duration=None>
39.1398 	EXP 	New trial (rep=5, index=1): <Trial 21 (1 in rep 5) data={'word': 'BLUE', 'colour': 'red', 'stimuluscondition': 'I', 'correct_res': 'r', 'thisN': 21, 'thisTrialN': 1, 'thisRepN': 5}>
39.1561 	EXP 	fixation: autoDraw = False
39.1561 	EXP 	text_3: autoDraw = False
39.1561 	EXP 	text_3: foreColor = <psychopy.colors.Color: red, alpha=1.0>
39.1561 	EXP 	text_3: height = np.float64(0.05)
39.1561 	EXP 	text_3: height = np.float64(0.05)
39.1561 	EXP 	text_3: height = np.float64(0.05)
39.1561 	EXP 	text_3: text = 'BLUE'
39.1561 	EXP 	fixation: autoDraw = True
39.3065 	EXP 	Device response: <KeyPress from None: t=39.12887670833334, value=b, duration=0.17631941666695639>
39.6396 	INFO 	Keyboard events cleared
39.6395 	EXP 	fixation: autoDraw = False
39.6395 	EXP 	text_3: autoDraw = True
41.0363 	DATA 	Keypress: r
41.0397 	EXP 	Device response: <KeyPress from None: t=41.03280749999976, value=r, duration=None>
41.0398 	EXP 	New trial (rep=5, index=2): <Trial 22 (2 in rep 5) data={'word': 'BLUE', 'colour': 'blue', 'stimuluscondition': 'C', 'correct_res': 'b ', 'thisN': 22, 'thisTrialN': 2, 'thisRepN': 5}>
41.0561 	EXP 	fixation: autoDraw = False
41.0561 	EXP 	text_3: autoDraw = False
41.0561 	EXP 	text_3: foreColor = <psychopy.colors.Color: blue, alpha=1.0>
41.0561 	EXP 	text_3: text = 'BLUE'
41.0561 	EXP 	fixation: autoDraw = True
41.1897 	EXP 	Device response: <KeyPress from None: t=41.03280749999976, value=r, duration=0.1523280416658963>
41.5394 	INFO 	Keyboard events cleared
41.5394 	EXP 	fixation: autoDraw = False
41.5394 	EXP 	text_3: autoDraw = True
42.1346 	DATA 	Keypress: b
42.1397 	EXP 	Device response: <KeyPress from None: t=42.13080070833348, value=b, duration=None>
42.1398 	EXP 	New trial (rep=5, index=3): <Trial 23 (3 in rep 5) data={'word': 'RED', 'colour': 'red', 'stimuluscondition': 'C', 'correct_res': 'r', 'thisN': 23, 'thisTrialN': 3, 'thisRepN': 5}>
42.1561 	EXP 	fixation: autoDraw = False
42.1561 	EXP 	text_3: autoDraw = False
42.1561 	EXP 	text_3: foreColor = <psychopy.colors.Color: red, alpha=1.0>
42.1561 	EXP 	text_3: height = np.float64(0.05)
42.1561 	EXP 	text_3: height = np.float64(0.05)
42.1561 	EXP 	text_3: height = np.float64(0.05)
42.1561 	EXP 	text_3: text = 'RED'
42.1561 	EXP 	fixation: autoDraw = True
42.2896 	EXP 	Device response: <KeyPress from None: t=42.13080070833348, value=b, duration=0.14831333333313523>
42.6397 	INFO 	Keyboard events cleared
42.6397 	EXP 	fixation: autoDraw = False
42.6397 	EXP 	text_3: autoDraw = True
43.1988 	DATA 	Keypress: r
43.2066 	EXP 	Device response: <KeyPress from None: t=43.19674883333391, value=r, duration=None>
43.2067 	EXP 	New trial (rep=6, index=0): <Trial 24 (0 in rep 6) data={'word': 'BLUE', 'colour': 'red', 'stimuluscondition': 'I', 'correct_res': 'r', 'thisN': 24, 'thisTrialN': 0, 'thisRepN': 6}>
43.2229 	EXP 	fixation: autoDraw = False
43.2229 	EXP 	text_3: autoDraw = False
43.2229 	EXP 	text_3: foreColor = <psychopy.colors.Color: red, alpha=1.0>
43.2229 	EXP 	text_3: height = np.float64(0.05)
43.2229 	EXP 	text_3: height = np.float64(0.05)
43.2229 	EXP 	text_3: height = np.float64(0.05)
43.2229 	EXP 	text_3: text = 'BLUE'
43.2229 	EXP 	fixation: autoDraw = True
43.4067 	EXP 	Device response: <KeyPress from None: t=43.19674883333391, value=r, duration=0.19631395833312126>
43.7063 	INFO 	Keyboard events cleared
43.7063 	EXP 	fixation: autoDraw = False
43.7063 	EXP 	text_3: autoDraw = True
44.3363 	DATA 	Keypress: b
44.3397 	EXP 	Device response: <KeyPress from None: t=44.33276445833326, value=b, duration=None>
44.3398 	EXP 	New trial (rep=6, index=1): <Trial 25 (1 in rep 6) data={'word': 'RED', 'colour': 'blue', 'stimuluscondition': 'I', 'correct_res': 'b', 'thisN': 25, 'thisTrialN': 1, 'thisRepN': 6}>
44.3561 	EXP 	fixation: autoDraw = False
44.3561 	EXP 	text_3: autoDraw = False
44.3561 	EXP 	text_3: foreColor = <psychopy.colors.Color: blue, alpha=1.0>
44.3561 	EXP 	text_3: height = np.float64(0.05)
44.3561 	EXP 	text_3: height = np.float64(0.05)
44.3561 	EXP 	text_3: height = np.float64(0.05)
44.3561 	EXP 	text_3: text = 'RED'
44.3561 	EXP 	fixation: autoDraw = True
44.5231 	EXP 	Device response: <KeyPress from None: t=44.33276445833326, value=b, duration=0.18433849999928498>
44.8395 	INFO 	Keyboard events cleared
44.8394 	EXP 	fixation: autoDraw = False
44.8394 	EXP 	text_3: autoDraw = True
47.0526 	DATA 	Keypress: b
47.0565 	EXP 	Device response: <KeyPress from None: t=47.049655124999845, value=b, duration=None>
47.0566 	EXP 	New trial (rep=6, index=2): <Trial 26 (2 in rep 6) data={'word': 'BLUE', 'colour': 'blue', 'stimuluscondition': 'C', 'correct_res': 'b ', 'thisN': 26, 'thisTrialN': 2, 'thisRepN': 6}>
47.0728 	EXP 	fixation: autoDraw = False
47.0728 	EXP 	text_3: autoDraw = False
47.0728 	EXP 	text_3: foreColor = <psychopy.colors.Color: blue, alpha=1.0>
47.0728 	EXP 	text_3: height = np.float64(0.05)
47.0728 	EXP 	text_3: height = np.float64(0.05)
47.0728 	EXP 	text_3: height = np.float64(0.05)
47.0728 	EXP 	text_3: text = 'BLUE'
47.0728 	EXP 	fixation: autoDraw = True
47.2733 	EXP 	Device response: <KeyPress from None: t=47.049655124999845, value=b, duration=0.22033299999930023>
47.5562 	INFO 	Keyboard events cleared
47.5562 	EXP 	fixation: autoDraw = False
47.5562 	EXP 	text_3: autoDraw = True
49.2170 	DATA 	Keypress: b
49.2231 	EXP 	Device response: <KeyPress from None: t=49.213646541666094, value=b, duration=None>
49.2232 	EXP 	New trial (rep=6, index=3): <Trial 27 (3 in rep 6) data={'word': 'RED', 'colour': 'red', 'stimuluscondition': 'C', 'correct_res': 'r', 'thisN': 27, 'thisTrialN': 3, 'thisRepN': 6}>
49.2395 	EXP 	fixation: autoDraw = False
49.2395 	EXP 	text_3: autoDraw = False
49.2395 	EXP 	text_3: foreColor = <psychopy.colors.Color: red, alpha=1.0>
49.2395 	EXP 	text_3: height = np.float64(0.05)
49.2395 	EXP 	text_3: height = np.float64(0.05)
49.2395 	EXP 	text_3: height = np.float64(0.05)
49.2395 	EXP 	text_3: text = 'RED'
49.2395 	EXP 	fixation: autoDraw = True
49.3730 	EXP 	Device response: <KeyPress from None: t=49.213646541666094, value=b, duration=0.15229566666675964>
49.7229 	INFO 	Keyboard events cleared
49.7228 	EXP 	fixation: autoDraw = False
49.7228 	EXP 	text_3: autoDraw = True
50.2789 	DATA 	Keypress: r
50.2898 	EXP 	Device response: <KeyPress from None: t=50.2755908333329, value=r, duration=None>
50.2898 	EXP 	New trial (rep=7, index=0): <Trial 28 (0 in rep 7) data={'word': 'RED', 'colour': 'red', 'stimuluscondition': 'C', 'correct_res': 'r', 'thisN': 28, 'thisTrialN': 0, 'thisRepN': 7}>
50.3062 	EXP 	fixation: autoDraw = False
50.3062 	EXP 	text_3: autoDraw = False
50.3062 	EXP 	text_3: foreColor = <psychopy.colors.Color: red, alpha=1.0>
50.3062 	EXP 	text_3: text = 'RED'
50.3062 	EXP 	fixation: autoDraw = True
50.4896 	EXP 	Device response: <KeyPress from None: t=50.2755908333329, value=r, duration=0.20431012500012002>
50.7895 	INFO 	Keyboard events cleared
50.7895 	EXP 	fixation: autoDraw = False
50.7895 	EXP 	text_3: autoDraw = True
51.2563 	EXP 	Device response: <KeyPress from None: t=51.25258649999887, value=r, duration=None>
51.2564 	EXP 	New trial (rep=7, index=1): <Trial 29 (1 in rep 7) data={'word': 'BLUE', 'colour': 'blue', 'stimuluscondition': 'C', 'correct_res': 'b ', 'thisN': 29, 'thisTrialN': 1, 'thisRepN': 7}>
51.2577 	DATA 	Keypress: r
51.2728 	EXP 	fixation: autoDraw = False
51.2728 	EXP 	text_3: autoDraw = False
51.2728 	EXP 	text_3: foreColor = <psychopy.colors.Color: blue, alpha=1.0>
51.2728 	EXP 	text_3: height = np.float64(0.05)
51.2728 	EXP 	text_3: height = np.float64(0.05)
51.2728 	EXP 	text_3: height = np.float64(0.05)
51.2728 	EXP 	text_3: text = 'BLUE'
51.2728 	EXP 	fixation: autoDraw = True
51.4396 	EXP 	Device response: <KeyPress from None: t=51.25258649999887, value=r, duration=0.18429945833486272>
51.7561 	INFO 	Keyboard events cleared
51.7561 	EXP 	fixation: autoDraw = False
51.7561 	EXP 	text_3: autoDraw = True
52.3149 	DATA 	Keypress: b
52.3230 	EXP 	Device response: <KeyPress from None: t=52.31157237499974, value=b, duration=None>
52.3231 	EXP 	New trial (rep=7, index=2): <Trial 30 (2 in rep 7) data={'word': 'RED', 'colour': 'blue', 'stimuluscondition': 'I', 'correct_res': 'b', 'thisN': 30, 'thisTrialN': 2, 'thisRepN': 7}>
52.3395 	EXP 	fixation: autoDraw = False
52.3395 	EXP 	text_3: autoDraw = False
52.3395 	EXP 	text_3: foreColor = <psychopy.colors.Color: blue, alpha=1.0>
52.3395 	EXP 	text_3: height = np.float64(0.05)
52.3395 	EXP 	text_3: height = np.float64(0.05)
52.3395 	EXP 	text_3: height = np.float64(0.05)
52.3395 	EXP 	text_3: text = 'RED'
52.3395 	EXP 	fixation: autoDraw = True
52.4564 	EXP 	Device response: <KeyPress from None: t=52.31157237499974, value=b, duration=0.14429166666741366>
52.8229 	INFO 	Keyboard events cleared
52.8228 	EXP 	fixation: autoDraw = False
52.8228 	EXP 	text_3: autoDraw = True
53.6095 	DATA 	Keypress: b
53.6231 	EXP 	Device response: <KeyPress from None: t=53.60652904166636, value=b, duration=None>
53.6232 	EXP 	New trial (rep=7, index=3): <Trial 31 (3 in rep 7) data={'word': 'BLUE', 'colour': 'red', 'stimuluscondition': 'I', 'correct_res': 'r', 'thisN': 31, 'thisTrialN': 3, 'thisRepN': 7}>
53.6395 	EXP 	fixation: autoDraw = False
53.6395 	EXP 	text_3: autoDraw = False
53.6395 	EXP 	text_3: foreColor = <psychopy.colors.Color: red, alpha=1.0>
53.6395 	EXP 	text_3: height = np.float64(0.05)
53.6395 	EXP 	text_3: height = np.float64(0.05)
53.6395 	EXP 	text_3: height = np.float64(0.05)
53.6395 	EXP 	text_3: text = 'BLUE'
53.6395 	EXP 	fixation: autoDraw = True
53.7897 	EXP 	Device response: <KeyPress from None: t=53.60652904166636, value=b, duration=0.172335249999378>
54.1229 	INFO 	Keyboard events cleared
54.1229 	EXP 	fixation: autoDraw = False
54.1229 	EXP 	text_3: autoDraw = True
54.8185 	DATA 	Keypress: r
54.8231 	EXP 	Device response: <KeyPress from None: t=54.81551266666611, value=r, duration=None>
54.8231 	EXP 	New trial (rep=8, index=0): <Trial 32 (0 in rep 8) data={'word': 'BLUE', 'colour': 'red', 'stimuluscondition': 'I', 'correct_res': 'r', 'thisN': 32, 'thisTrialN': 0, 'thisRepN': 8}>
54.8394 	EXP 	fixation: autoDraw = False
54.8394 	EXP 	text_3: autoDraw = False
54.8394 	EXP 	text_3: foreColor = <psychopy.colors.Color: red, alpha=1.0>
54.8394 	EXP 	text_3: text = 'BLUE'
54.8394 	EXP 	fixation: autoDraw = True
55.0063 	EXP 	Device response: <KeyPress from None: t=54.81551266666611, value=r, duration=0.18029337500047404>
55.3227 	INFO 	Keyboard events cleared
55.3227 	EXP 	fixation: autoDraw = False
55.3227 	EXP 	text_3: autoDraw = True
55.8183 	DATA 	Keypress: r
55.8231 	EXP 	Device response: <KeyPress from None: t=55.81547920833327, value=r, duration=None>
55.8232 	EXP 	New trial (rep=8, index=1): <Trial 33 (1 in rep 8) data={'word': 'RED', 'colour': 'blue', 'stimuluscondition': 'I', 'correct_res': 'b', 'thisN': 33, 'thisTrialN': 1, 'thisRepN': 8}>
55.8395 	EXP 	fixation: autoDraw = False
55.8395 	EXP 	text_3: autoDraw = False
55.8395 	EXP 	text_3: foreColor = <psychopy.colors.Color: blue, alpha=1.0>
55.8395 	EXP 	text_3: height = np.float64(0.05)
55.8395 	EXP 	text_3: height = np.float64(0.05)
55.8395 	EXP 	text_3: height = np.float64(0.05)
55.8395 	EXP 	text_3: text = 'RED'
55.8395 	EXP 	fixation: autoDraw = True
55.9731 	EXP 	Device response: <KeyPress from None: t=55.81547920833327, value=r, duration=0.15631949999988137>
56.3229 	INFO 	Keyboard events cleared
56.3228 	EXP 	fixation: autoDraw = False
56.3228 	EXP 	text_3: autoDraw = True
60.3564 	EXP 	Device response: <KeyPress from None: t=60.35235491666572, value=b, duration=None>
60.3565 	EXP 	New trial (rep=8, index=2): <Trial 34 (2 in rep 8) data={'word': 'RED', 'colour': 'red', 'stimuluscondition': 'C', 'correct_res': 'r', 'thisN': 34, 'thisTrialN': 2, 'thisRepN': 8}>
60.3588 	DATA 	Keypress: b
60.3728 	EXP 	fixation: autoDraw = False
60.3728 	EXP 	text_3: autoDraw = False
60.3728 	EXP 	text_3: foreColor = <psychopy.colors.Color: red, alpha=1.0>
60.3728 	EXP 	text_3: text = 'RED'
60.3728 	EXP 	fixation: autoDraw = True
60.5230 	EXP 	Device response: <KeyPress from None: t=60.35235491666572, value=b, duration=0.16833683333425142>
60.8562 	INFO 	Keyboard events cleared
60.8562 	EXP 	fixation: autoDraw = False
60.8562 	EXP 	text_3: autoDraw = True
62.6121 	DATA 	Keypress: r
62.6231 	EXP 	Device response: <KeyPress from None: t=62.60929312500048, value=r, duration=None>
62.6232 	EXP 	New trial (rep=8, index=3): <Trial 35 (3 in rep 8) data={'word': 'BLUE', 'colour': 'blue', 'stimuluscondition': 'C', 'correct_res': 'b ', 'thisN': 35, 'thisTrialN': 3, 'thisRepN': 8}>
62.6395 	EXP 	fixation: autoDraw = False
62.6395 	EXP 	text_3: autoDraw = False
62.6395 	EXP 	text_3: foreColor = <psychopy.colors.Color: blue, alpha=1.0>
62.6395 	EXP 	text_3: height = np.float64(0.05)
62.6395 	EXP 	text_3: height = np.float64(0.05)
62.6395 	EXP 	text_3: height = np.float64(0.05)
62.6395 	EXP 	text_3: text = 'BLUE'
62.6395 	EXP 	fixation: autoDraw = True
62.8731 	EXP 	Device response: <KeyPress from None: t=62.60929312500048, value=r, duration=0.26031999999941036>
63.1228 	INFO 	Keyboard events cleared
63.1228 	EXP 	fixation: autoDraw = False
63.1228 	EXP 	text_3: autoDraw = True
64.7064 	EXP 	Device response: <KeyPress from None: t=64.70327270833332, value=b, duration=None>
64.7065 	EXP 	New trial (rep=9, index=0): <Trial 36 (0 in rep 9) data={'word': 'BLUE', 'colour': 'blue', 'stimuluscondition': 'C', 'correct_res': 'b ', 'thisN': 36, 'thisTrialN': 0, 'thisRepN': 9}>
64.7084 	DATA 	Keypress: b
64.7228 	EXP 	fixation: autoDraw = False
64.7228 	EXP 	text_3: autoDraw = False
64.7228 	EXP 	text_3: foreColor = <psychopy.colors.Color: blue, alpha=1.0>
64.7228 	EXP 	text_3: text = 'BLUE'
64.7228 	EXP 	fixation: autoDraw = True
64.8730 	EXP 	Device response: <KeyPress from None: t=64.70327270833332, value=b, duration=0.1563724583338626>
65.2061 	INFO 	Keyboard events cleared
65.2061 	EXP 	fixation: autoDraw = False
65.2061 	EXP 	text_3: autoDraw = True
65.8160 	DATA 	Keypress: b
65.8230 	EXP 	Device response: <KeyPress from None: t=65.81321858333285, value=b, duration=None>
65.8231 	EXP 	New trial (rep=9, index=1): <Trial 37 (1 in rep 9) data={'word': 'BLUE', 'colour': 'red', 'stimuluscondition': 'I', 'correct_res': 'r', 'thisN': 37, 'thisTrialN': 1, 'thisRepN': 9}>
65.8396 	EXP 	fixation: autoDraw = False
65.8396 	EXP 	text_3: autoDraw = False
65.8396 	EXP 	text_3: foreColor = <psychopy.colors.Color: red, alpha=1.0>
65.8396 	EXP 	text_3: text = 'BLUE'
65.8396 	EXP 	fixation: autoDraw = True
65.9899 	EXP 	Device response: <KeyPress from None: t=65.81321858333285, value=b, duration=0.1683151249999355>
66.3229 	INFO 	Keyboard events cleared
66.3229 	EXP 	fixation: autoDraw = False
66.3229 	EXP 	text_3: autoDraw = True
67.3348 	DATA 	Keypress: r
67.3397 	EXP 	Device response: <KeyPress from None: t=67.33122370833371, value=r, duration=None>
67.3397 	EXP 	New trial (rep=9, index=2): <Trial 38 (2 in rep 9) data={'word': 'RED', 'colour': 'blue', 'stimuluscondition': 'I', 'correct_res': 'b', 'thisN': 38, 'thisTrialN': 2, 'thisRepN': 9}>
67.3561 	EXP 	fixation: autoDraw = False
67.3561 	EXP 	text_3: autoDraw = False
67.3561 	EXP 	text_3: foreColor = <psychopy.colors.Color: blue, alpha=1.0>
67.3561 	EXP 	text_3: height = np.float64(0.05)
67.3561 	EXP 	text_3: height = np.float64(0.05)
67.3561 	EXP 	text_3: height = np.float64(0.05)
67.3561 	EXP 	text_3: text = 'RED'
67.3561 	EXP 	fixation: autoDraw = True
67.5230 	EXP 	Device response: <KeyPress from None: t=67.33122370833371, value=r, duration=0.18829795833335083>
67.8394 	INFO 	Keyboard events cleared
67.8394 	EXP 	fixation: autoDraw = False
67.8394 	EXP 	text_3: autoDraw = True
69.1397 	EXP 	Device response: <KeyPress from None: t=69.13614554166634, value=b, duration=None>
69.1398 	EXP 	New trial (rep=9, index=3): <Trial 39 (3 in rep 9) data={'word': 'RED', 'colour': 'red', 'stimuluscondition': 'C', 'correct_res': 'r', 'thisN': 39, 'thisTrialN': 3, 'thisRepN': 9}>
69.1417 	DATA 	Keypress: b
69.1562 	EXP 	fixation: autoDraw = False
69.1562 	EXP 	text_3: autoDraw = False
69.1562 	EXP 	text_3: foreColor = <psychopy.colors.Color: red, alpha=1.0>
69.1562 	EXP 	text_3: text = 'RED'
69.1562 	EXP 	fixation: autoDraw = True
69.3564 	EXP 	Device response: <KeyPress from None: t=69.13614554166634, value=b, duration=0.20429833333400893>
69.6395 	INFO 	Keyboard events cleared
69.6395 	EXP 	fixation: autoDraw = False
69.6395 	EXP 	text_3: autoDraw = True
70.1319 	DATA 	Keypress: r
70.1397 	EXP 	Device response: <KeyPress from None: t=70.1291443333339, value=r, duration=None>
70.1561 	EXP 	fixation: autoDraw = False
70.1561 	EXP 	text_3: autoDraw = False
70.1561 	EXP 	text_2: autoDraw = True
70.3397 	EXP 	Device response: <KeyPress from None: t=70.1291443333339, value=r, duration=0.20830395833218063>
71.1561 	EXP 	text_2: autoDraw = False
71.1561 	EXP 	text_2: autoDraw = False
71.1561 	EXP 	strooptask2: status = STOPPED
71.1636 	INFO 	saved data to '/Users/anokhimavalankar/Documents/stroop task/data/01_strooptask2_2026-09-07_18h33.04.230.csv'
71.1704 	INFO 	saved data to /Users/anokhimavalankar/Documents/stroop task/data/01_strooptask2_2026-09-07_18h33.04.230.psydat
71.4958 	INFO 	Stopping keyboard key buffers.
